---
source: tui/src/history_cell.rs
expression: rendered
---
/mcp

🔌  MCP Tools

  • cfm-camp
    • Status: enabled
    • Auth: Unsupported
    • Command: node <abs>/mcp-camp.js
    • Env: BACKEND_URL=*****
    • Tools: campaign_get
    • Resources: (none)
    • Resource templates: (none)

  • cfm-operations
    • Status: enabled
    • Auth: Unsupported
    • Command: node <abs>/cfm-operations.js
    • Env: BACKEND_URL=*****, CF_SCHEMA_REGISTRY_MODE=*****, CF_SCHEMA_REGISTRY_URI=*****
    • Tools: cf_strategy_view
    • Resources: (none)
    • Resource templates: (none)

  • docs
    • Status: enabled
    • Auth: Unsupported
    • Command: docs-server
    • Env: TOKEN=*****, APP_TOKEN=*****
    • Tools: list
    • Resources: (none)
    • Resource templates: (none)

  • http
    • Status: enabled
    • Auth: Unsupported
    • URL: https://example.com/mcp
    • HTTP headers: Authorization=*****
    • Env HTTP headers: X-API-Key=API_KEY_ENV
    • Tools: ping
    • Resources: (none)
    • Resource templates: (none)
