---
source: tui/src/chatwidget/tests.rs
expression: combined
---
AfterAgent hook (completed)
  status: legacy after_agent runtime status
  hook-auto instruction: NERO HOOK SYSTEM [state: healthy]
  hook-auto protocol: ok (expected=true, delivered=true)
  hook-auto follow-up: queued (queued=1, blocked=0)
  hook-auto decision: continue (reason=score_above_threshold, campaign=D (active))
